
> engineering-decoded@1.0.0 build
> vite build

vite v8.2.0 building client environment for production...
[2K
transforming...✓ 15266 modules transformed.
✗ Build failed in 7.70s
error during build:
Build failed with 1 error:

[plugin vite:prepare-out-dir]
Error: ENOTEMPTY, Directory not empty: \\?\C:\Users\PC\Documents\Projects\engineering-decoded\dist\assets '\\?\C:\Users\PC\Documents\Projects\engineering-decoded\dist\assets'
    at Object.rmSync (node:fs:1222:18)
    at emptyDir (file:///C:/Users/PC/Documents/Projects/engineering-decoded/node_modules/vite/dist/node/chunks/node.js:2425:11)
    at prepareOutDir (file:///C:/Users/PC/Documents/Projects/engineering-decoded/node_modules/vite/dist/node/chunks/node.js:33413:55)
    at PluginContextImpl.handler (file:///C:/Users/PC/Documents/Projects/engineering-decoded/node_modules/vite/dist/node/chunks/node.js:33402:6)
    at PluginContextImpl.handler (file:///C:/Users/PC/Documents/Projects/engineering-decoded/node_modules/vite/dist/node/chunks/node.js:33929:13)
    at plugin (file:///C:/Users/PC/Documents/Projects/engineering-decoded/node_modules/rolldown/dist/shared/bindingify-input-options-EnUlEF0T.mjs:1607:17)
    at plugin.<computed> (file:///C:/Users/PC/Documents/Projects/engineering-decoded/node_modules/rolldown/dist/shared/bindingify-input-options-EnUlEF0T.mjs:1906:18)
    at aggregateBindingErrorsIntoJsError (file:///C:/Users/PC/Documents/Projects/engineering-decoded/node_modules/rolldown/dist/shared/error-BgfXq0Tb.mjs:48:18)
    at unwrapBindingResult (file:///C:/Users/PC/Documents/Projects/engineering-decoded/node_modules/rolldown/dist/shared/error-BgfXq0Tb.mjs:18:128)
    at #build (file:///C:/Users/PC/Documents/Projects/engineering-decoded/node_modules/rolldown/dist/shared/rolldown-DP_p9pd3.mjs:132:34)
    at async buildEnvironment (file:///C:/Users/PC/Documents/Projects/engineering-decoded/node_modules/vite/dist/node/chunks/node.js:33669:66)
    at async Object.build (file:///C:/Users/PC/Documents/Projects/engineering-decoded/node_modules/vite/dist/node/chunks/node.js:34091:19)
    at async Object.buildApp (file:///C:/Users/PC/Documents/Projects/engineering-decoded/node_modules/vite/dist/node/chunks/node.js:34088:153)
    at async CAC.<anonymous> (file:///C:/Users/PC/Documents/Projects/engineering-decoded/node_modules/vite/dist/node/cli.js:776:3) {
  errors: [Getter/Setter]
}
